// Jest Snapshot v1, https://goo.gl/fbAQLP

exports[`Container should match Snapshot 1`] = `<Styled(div) />`;
