// Jest Snapshot v1, https://goo.gl/fbAQLP

exports[`TextField should match Snapshot 1`] = `
<Wrapper>
  <input
    className="appearance-none block w-full bg-gray-200 text-gray-700 border border-gray-200 rounded py-3 px-4 leading-tight focus:outline-none focus:bg-white focus:border-gray-500"
    type="text"
  />
</Wrapper>
`;
